  VSMVVM.Core -> C:\workspace\VSMVVM\src\VSMVVM.Core\bin\Debug\netstandard2.0\VSMVVM.Core.dll
  VSMVVM.Core.Tests -> C:\workspace\VSMVVM\tests\VSMVVM.Core.Tests\bin\Debug\net9.0\VSMVVM.Core.Tests.dll
  VSMVVM.Core.1.0.0 ?⑦궎吏??異붽? ?뺣낫 ?뚯씪???놁뒿?덈떎. https://aka.ms/nuget/authoring-best-practices/readme濡??대룞?섏뿬 ?⑦궎吏 異붽? ?뺣낫 ?뚯씪??以묒슂???댁쑀瑜??뚯븘蹂댁꽭??
  'C:\workspace\VSMVVM\src\VSMVVM.Core\bin\Debug\VSMVVM.Core.1.0.0.nupkg' ?⑦궎吏瑜?留뚮뱾?덉뒿?덈떎.
  VSMVVM.Core.Tests -> C:\workspace\VSMVVM\tests\VSMVVM.Core.Tests\bin\Debug\net8.0\VSMVVM.Core.Tests.dll
C:\workspace\VSMVVM\tests\VSMVVM.Core.Tests\bin\Debug\net9.0\VSMVVM.Core.Tests.dll(.NETCoreApp,Version=v9.0)??????뚯뒪???ㅽ뻾
C:\workspace\VSMVVM\tests\VSMVVM.Core.Tests\bin\Debug\net8.0\VSMVVM.Core.Tests.dll(.NETCoreApp,Version=v8.0)??????뚯뒪???ㅽ뻾
吏?뺣맂 ?⑦꽩怨??쇱튂??珥??뚯뒪???뚯씪 ?섎뒗 1媛쒖엯?덈떎.吏?뺣맂 ?⑦꽩怨??쇱튂??珥??뚯뒪???뚯씪 ?섎뒗 1媛쒖엯?덈떎.


?듦낵!  - ?ㅽ뙣:     0, ?듦낵:    91, 嫄대꼫?:     0, ?꾩껜:    91, 湲곌컙: 35 ms - VSMVVM.Core.Tests.dll (net8.0)

?듦낵!  - ?ㅽ뙣:     0, ?듦낵:    91, 嫄대꼫?:     0, ?꾩껜:    91, 湲곌컙: 45 ms - VSMVVM.Core.Tests.dll (net9.0)
